// Jest Snapshot v1, https://goo.gl/fbAQLP

exports[`should render ExpenseListItem with expense 1`] = `
<div
  key="1"
>
  <Link
    to="/edit/1"
  >
    <h3>
      Description: 
      gum
    </h3>
  </Link>
  <p>
    Amount: 
    195
     - Created At: 
    0
  </p>
</div>
`;
