// Jest Snapshot v1, https://goo.gl/fbAQLP

exports[`should render ExpenseList with empty messaage 1`] = `
<div>
  <p>
    No Expenses
  </p>
</div>
`;

exports[`should render ExpenseList with expenses 1`] = `
<div>
  <ExpenseListItem
    expense={
      Object {
        "amount": 195,
        "createdAt": 0,
        "description": "gum",
        "id": "1",
        "note": "",
      }
    }
    key="1"
  />
  <ExpenseListItem
    expense={
      Object {
        "amount": 1095,
        "createdAt": -345600000,
        "description": "rent",
        "id": "2",
        "note": "This is agnostic note",
      }
    }
    key="2"
  />
  <ExpenseListItem
    expense={
      Object {
        "amount": 4500,
        "createdAt": 345600000,
        "description": "credit card",
        "id": "3",
        "note": "",
      }
    }
    key="3"
  />
</div>
`;
